// Jest Snapshot v1, https://goo.gl/fbAQLP

exports[`messages smoke and snapshot tests renders the UI as expected 1`] = `
<div
  className="messages"
>
  Messages
</div>
`;
